INVALIDO
1, Luis Carlos; 2, Fernanda Montenegro; 3, Mickey; 4, Einstein; 7, Sett; 11, Joao Cesar;
