-89558 -89167 -84050 -83755 -52334 -52014 -43672 -41221 -40674 -35186 -19513 -16900 -14252 -9192 1225 10957 12686 28399 41171 55823 59057 66484 82306 83580 91161
