-99557 -96121 -86001 -84554 -84086 -82595 -76385 -71946 -62627 -62578 -59940 -53878 -52114 -49342 -46940 -45188 -33066 -27838 -27235 -24182 -18891 -15046 -14577 -11647 -10973 -5265 -2776 -2399 -1455 6069 6228 8133 12162 12508 13713 15093 21779 35686 38936 53071 54548 62782 63660 75519 85126 89386 93093 95586 99592 99666
