-98518 -97673 -95731 -95589 -94175 -90626 -89452 -89370 -89207 -84797 -79847 -77327 -77230 -74098 -73420 -73383 -72810 -72660 -67831 -66542 -65484 -59179 -57827 -52244 -49223 -48842 -44127 -42161 -41249 -40884 -40820 -40138 -35759 -33973 -29662 -24741 -22985 -16223 -15845 -13194 -11095 -8987 -8284 -7487 -6622 -6025 -5991 -5008 -4405 -3487 -2659 -783 1131 2166 3107 5107 7398 7539 11176 13062 14723 15146 20172 20349 20791 21882 22353 24767 27282 29108 30647 30983 34923 36122 41986 45098 46403 49696 49828 50744 59624 64503 69896 70144 73372 73409 74073 77643 82475 85123 87194 87478 88111 89308 90334 91020 95036 97321 98469 98865
